// Jest Snapshot v1, https://goo.gl/fbAQLP

exports[`User -> Component Match snapshot 1`] = `
<span
  className="band-logo right"
>
  User name
</span>
`;
